../Core/Src/main.c:80:6:HAL_CAN_RxFifo0MsgPendingCallback	16	static
../Core/Src/main.c:91:6:SetMotorSpeed	16	static
../Core/Src/main.c:104:6:MotorStart	16	static
../Core/Src/main.c:118:6:MotorStop	8	static
../Core/Src/main.c:130:5:main	80	static
../Core/Src/main.c:207:6:SystemClock_Config	88	static
../Core/Src/main.c:253:13:MX_CAN1_Init	48	static
../Core/Src/main.c:303:13:MX_TIM1_Init	80	static
../Core/Src/main.c:368:13:MX_USART2_UART_Init	8	static
../Core/Src/main.c:401:13:MX_GPIO_Init	48	static
../Core/Src/main.c:446:6:Error_Handler	4	static,ignoring_inline_asm
